Archive member included because of file (symbol)

e:/study/embedded systems avr/tools/imt tools/imt tools/sdk/imt_sdk_win_64/imt_sdk_win_64/winavr/bin/../lib/gcc/avr/4.3.3/avr5\libgcc.a(_udivmodsi4.o)
                              ./CLCD_Program.o (__udivmodsi4)
e:/study/embedded systems avr/tools/imt tools/imt tools/sdk/imt_sdk_win_64/imt_sdk_win_64/winavr/bin/../lib/gcc/avr/4.3.3/avr5\libgcc.a(_exit.o)
                              e:/study/embedded systems avr/tools/imt tools/imt tools/sdk/imt_sdk_win_64/imt_sdk_win_64/winavr/bin/../lib/gcc/avr/4.3.3/../../../../avr/lib/avr5/crtm32.o (exit)
e:/study/embedded systems avr/tools/imt tools/imt tools/sdk/imt_sdk_win_64/imt_sdk_win_64/winavr/bin/../lib/gcc/avr/4.3.3/avr5\libgcc.a(_copy_data.o)
                              ./CLCD_Program.o (__do_copy_data)
e:/study/embedded systems avr/tools/imt tools/imt tools/sdk/imt_sdk_win_64/imt_sdk_win_64/winavr/bin/../lib/gcc/avr/4.3.3/avr5\libgcc.a(_fixunssfsi.o)
                              ./CLCD_Program.o (__fixunssfsi)
e:/study/embedded systems avr/tools/imt tools/imt tools/sdk/imt_sdk_win_64/imt_sdk_win_64/winavr/bin/../lib/gcc/avr/4.3.3/avr5\libgcc.a(_addsub_sf.o)
                              ./CLCD_Program.o (__subsf3)
e:/study/embedded systems avr/tools/imt tools/imt tools/sdk/imt_sdk_win_64/imt_sdk_win_64/winavr/bin/../lib/gcc/avr/4.3.3/avr5\libgcc.a(_mul_sf.o)
                              ./CLCD_Program.o (__mulsf3)
e:/study/embedded systems avr/tools/imt tools/imt tools/sdk/imt_sdk_win_64/imt_sdk_win_64/winavr/bin/../lib/gcc/avr/4.3.3/avr5\libgcc.a(_gt_sf.o)
                              ./CLCD_Program.o (__gtsf2)
e:/study/embedded systems avr/tools/imt tools/imt tools/sdk/imt_sdk_win_64/imt_sdk_win_64/winavr/bin/../lib/gcc/avr/4.3.3/avr5\libgcc.a(_ge_sf.o)
                              e:/study/embedded systems avr/tools/imt tools/imt tools/sdk/imt_sdk_win_64/imt_sdk_win_64/winavr/bin/../lib/gcc/avr/4.3.3/avr5\libgcc.a(_fixunssfsi.o) (__gesf2)
e:/study/embedded systems avr/tools/imt tools/imt tools/sdk/imt_sdk_win_64/imt_sdk_win_64/winavr/bin/../lib/gcc/avr/4.3.3/avr5\libgcc.a(_lt_sf.o)
                              ./CLCD_Program.o (__ltsf2)
e:/study/embedded systems avr/tools/imt tools/imt tools/sdk/imt_sdk_win_64/imt_sdk_win_64/winavr/bin/../lib/gcc/avr/4.3.3/avr5\libgcc.a(_si_to_sf.o)
                              ./CLCD_Program.o (__floatsisf)
e:/study/embedded systems avr/tools/imt tools/imt tools/sdk/imt_sdk_win_64/imt_sdk_win_64/winavr/bin/../lib/gcc/avr/4.3.3/avr5\libgcc.a(_sf_to_si.o)
                              ./CLCD_Program.o (__fixsfsi)
e:/study/embedded systems avr/tools/imt tools/imt tools/sdk/imt_sdk_win_64/imt_sdk_win_64/winavr/bin/../lib/gcc/avr/4.3.3/avr5\libgcc.a(_thenan_sf.o)
                              e:/study/embedded systems avr/tools/imt tools/imt tools/sdk/imt_sdk_win_64/imt_sdk_win_64/winavr/bin/../lib/gcc/avr/4.3.3/avr5\libgcc.a(_addsub_sf.o) (__thenan_sf)
e:/study/embedded systems avr/tools/imt tools/imt tools/sdk/imt_sdk_win_64/imt_sdk_win_64/winavr/bin/../lib/gcc/avr/4.3.3/avr5\libgcc.a(_prologue.o)
                              e:/study/embedded systems avr/tools/imt tools/imt tools/sdk/imt_sdk_win_64/imt_sdk_win_64/winavr/bin/../lib/gcc/avr/4.3.3/avr5\libgcc.a(_addsub_sf.o) (__prologue_saves__)
e:/study/embedded systems avr/tools/imt tools/imt tools/sdk/imt_sdk_win_64/imt_sdk_win_64/winavr/bin/../lib/gcc/avr/4.3.3/avr5\libgcc.a(_epilogue.o)
                              e:/study/embedded systems avr/tools/imt tools/imt tools/sdk/imt_sdk_win_64/imt_sdk_win_64/winavr/bin/../lib/gcc/avr/4.3.3/avr5\libgcc.a(_addsub_sf.o) (__epilogue_restores__)
e:/study/embedded systems avr/tools/imt tools/imt tools/sdk/imt_sdk_win_64/imt_sdk_win_64/winavr/bin/../lib/gcc/avr/4.3.3/avr5\libgcc.a(_clzsi2.o)
                              e:/study/embedded systems avr/tools/imt tools/imt tools/sdk/imt_sdk_win_64/imt_sdk_win_64/winavr/bin/../lib/gcc/avr/4.3.3/avr5\libgcc.a(_si_to_sf.o) (__clzsi2)
e:/study/embedded systems avr/tools/imt tools/imt tools/sdk/imt_sdk_win_64/imt_sdk_win_64/winavr/bin/../lib/gcc/avr/4.3.3/avr5\libgcc.a(_pack_sf.o)
                              e:/study/embedded systems avr/tools/imt tools/imt tools/sdk/imt_sdk_win_64/imt_sdk_win_64/winavr/bin/../lib/gcc/avr/4.3.3/avr5\libgcc.a(_addsub_sf.o) (__pack_f)
e:/study/embedded systems avr/tools/imt tools/imt tools/sdk/imt_sdk_win_64/imt_sdk_win_64/winavr/bin/../lib/gcc/avr/4.3.3/avr5\libgcc.a(_unpack_sf.o)
                              e:/study/embedded systems avr/tools/imt tools/imt tools/sdk/imt_sdk_win_64/imt_sdk_win_64/winavr/bin/../lib/gcc/avr/4.3.3/avr5\libgcc.a(_addsub_sf.o) (__unpack_f)
e:/study/embedded systems avr/tools/imt tools/imt tools/sdk/imt_sdk_win_64/imt_sdk_win_64/winavr/bin/../lib/gcc/avr/4.3.3/avr5\libgcc.a(_fpcmp_parts_sf.o)
                              e:/study/embedded systems avr/tools/imt tools/imt tools/sdk/imt_sdk_win_64/imt_sdk_win_64/winavr/bin/../lib/gcc/avr/4.3.3/avr5\libgcc.a(_gt_sf.o) (__fpcmp_parts_f)
e:/study/embedded systems avr/tools/imt tools/imt tools/sdk/imt_sdk_win_64/imt_sdk_win_64/winavr/bin/../lib/gcc/avr/4.3.3/avr5\libgcc.a(_clz.o)
                              e:/study/embedded systems avr/tools/imt tools/imt tools/sdk/imt_sdk_win_64/imt_sdk_win_64/winavr/bin/../lib/gcc/avr/4.3.3/avr5\libgcc.a(_clzsi2.o) (__clz_tab)
e:/study/embedded systems avr/tools/imt tools/imt tools/sdk/imt_sdk_win_64/imt_sdk_win_64/winavr/bin/../lib/gcc/avr/4.3.3/../../../../avr/lib/avr5\libc.a(sprintf.o)
                              ./CLCD_Program.o (sprintf)
e:/study/embedded systems avr/tools/imt tools/imt tools/sdk/imt_sdk_win_64/imt_sdk_win_64/winavr/bin/../lib/gcc/avr/4.3.3/../../../../avr/lib/avr5\libc.a(vfprintf_std.o)
                              e:/study/embedded systems avr/tools/imt tools/imt tools/sdk/imt_sdk_win_64/imt_sdk_win_64/winavr/bin/../lib/gcc/avr/4.3.3/../../../../avr/lib/avr5\libc.a(sprintf.o) (vfprintf)
e:/study/embedded systems avr/tools/imt tools/imt tools/sdk/imt_sdk_win_64/imt_sdk_win_64/winavr/bin/../lib/gcc/avr/4.3.3/../../../../avr/lib/avr5\libc.a(strnlen_P.o)
                              e:/study/embedded systems avr/tools/imt tools/imt tools/sdk/imt_sdk_win_64/imt_sdk_win_64/winavr/bin/../lib/gcc/avr/4.3.3/../../../../avr/lib/avr5\libc.a(vfprintf_std.o) (strnlen_P)
e:/study/embedded systems avr/tools/imt tools/imt tools/sdk/imt_sdk_win_64/imt_sdk_win_64/winavr/bin/../lib/gcc/avr/4.3.3/../../../../avr/lib/avr5\libc.a(strnlen.o)
                              e:/study/embedded systems avr/tools/imt tools/imt tools/sdk/imt_sdk_win_64/imt_sdk_win_64/winavr/bin/../lib/gcc/avr/4.3.3/../../../../avr/lib/avr5\libc.a(vfprintf_std.o) (strnlen)
e:/study/embedded systems avr/tools/imt tools/imt tools/sdk/imt_sdk_win_64/imt_sdk_win_64/winavr/bin/../lib/gcc/avr/4.3.3/../../../../avr/lib/avr5\libc.a(fputc.o)
                              e:/study/embedded systems avr/tools/imt tools/imt tools/sdk/imt_sdk_win_64/imt_sdk_win_64/winavr/bin/../lib/gcc/avr/4.3.3/../../../../avr/lib/avr5\libc.a(vfprintf_std.o) (fputc)
e:/study/embedded systems avr/tools/imt tools/imt tools/sdk/imt_sdk_win_64/imt_sdk_win_64/winavr/bin/../lib/gcc/avr/4.3.3/../../../../avr/lib/avr5\libc.a(ultoa_invert.o)
                              e:/study/embedded systems avr/tools/imt tools/imt tools/sdk/imt_sdk_win_64/imt_sdk_win_64/winavr/bin/../lib/gcc/avr/4.3.3/../../../../avr/lib/avr5\libc.a(vfprintf_std.o) (__ultoa_invert)

Memory Configuration

Name             Origin             Length             Attributes
text             0x00000000         0x00020000         xr
data             0x00800060         0x0000ffa0         rw !x
eeprom           0x00810000         0x00010000         rw !x
fuse             0x00820000         0x00000400         rw !x
lock             0x00830000         0x00000400         rw !x
signature        0x00840000         0x00000400         rw !x
*default*        0x00000000         0xffffffff

Linker script and memory map

LOAD e:/study/embedded systems avr/tools/imt tools/imt tools/sdk/imt_sdk_win_64/imt_sdk_win_64/winavr/bin/../lib/gcc/avr/4.3.3/../../../../avr/lib/avr5/crtm32.o
LOAD ./CLCD_Program.o
LOAD ./DIO_program.o
LOAD ./EEPROM_program.o
LOAD ./TWI_program.o
LOAD ./main.o
LOAD e:/study/embedded systems avr/tools/imt tools/imt tools/sdk/imt_sdk_win_64/imt_sdk_win_64/winavr/bin/../lib/gcc/avr/4.3.3/avr5\libgcc.a
LOAD e:/study/embedded systems avr/tools/imt tools/imt tools/sdk/imt_sdk_win_64/imt_sdk_win_64/winavr/bin/../lib/gcc/avr/4.3.3/../../../../avr/lib/avr5\libc.a
LOAD e:/study/embedded systems avr/tools/imt tools/imt tools/sdk/imt_sdk_win_64/imt_sdk_win_64/winavr/bin/../lib/gcc/avr/4.3.3/avr5\libgcc.a

.hash
 *(.hash)

.dynsym
 *(.dynsym)

.dynstr
 *(.dynstr)

.gnu.version
 *(.gnu.version)

.gnu.version_d
 *(.gnu.version_d)

.gnu.version_r
 *(.gnu.version_r)

.rel.init
 *(.rel.init)

.rela.init
 *(.rela.init)

.rel.text
 *(.rel.text)
 *(.rel.text.*)
 *(.rel.gnu.linkonce.t*)

.rela.text
 *(.rela.text)
 *(.rela.text.*)
 *(.rela.gnu.linkonce.t*)

.rel.fini
 *(.rel.fini)

.rela.fini
 *(.rela.fini)

.rel.rodata
 *(.rel.rodata)
 *(.rel.rodata.*)
 *(.rel.gnu.linkonce.r*)

.rela.rodata
 *(.rela.rodata)
 *(.rela.rodata.*)
 *(.rela.gnu.linkonce.r*)

.rel.data
 *(.rel.data)
 *(.rel.data.*)
 *(.rel.gnu.linkonce.d*)

.rela.data
 *(.rela.data)
 *(.rela.data.*)
 *(.rela.gnu.linkonce.d*)

.rel.ctors
 *(.rel.ctors)

.rela.ctors
 *(.rela.ctors)

.rel.dtors
 *(.rel.dtors)

.rela.dtors
 *(.rela.dtors)

.rel.got
 *(.rel.got)

.rela.got
 *(.rela.got)

.rel.bss
 *(.rel.bss)

.rela.bss
 *(.rela.bss)

.rel.plt
 *(.rel.plt)

.rela.plt
 *(.rela.plt)

.text           0x00000000     0x29b6
 *(.vectors)
 .vectors       0x00000000       0x54 e:/study/embedded systems avr/tools/imt tools/imt tools/sdk/imt_sdk_win_64/imt_sdk_win_64/winavr/bin/../lib/gcc/avr/4.3.3/../../../../avr/lib/avr5/crtm32.o
                0x00000000                __vectors
                0x00000000                __vector_default
 *(.vectors)
 *(.progmem.gcc*)
 *(.progmem*)
                0x00000054                . = ALIGN (0x2)
                0x00000054                __trampolines_start = .
 *(.trampolines)
 .trampolines   0x00000054        0x0 linker stubs
 *(.trampolines*)
                0x00000054                __trampolines_end = .
 *(.jumptables)
 *(.jumptables*)
 *(.lowtext)
 *(.lowtext*)
                0x00000054                __ctors_start = .
 *(.ctors)
                0x00000054                __ctors_end = .
                0x00000054                __dtors_start = .
 *(.dtors)
                0x00000054                __dtors_end = .
 SORT(*)(.ctors)
 SORT(*)(.dtors)
 *(.init0)
 .init0         0x00000054        0x0 e:/study/embedded systems avr/tools/imt tools/imt tools/sdk/imt_sdk_win_64/imt_sdk_win_64/winavr/bin/../lib/gcc/avr/4.3.3/../../../../avr/lib/avr5/crtm32.o
                0x00000054                __init
 *(.init0)
 *(.init1)
 *(.init1)
 *(.init2)
 .init2         0x00000054        0xc e:/study/embedded systems avr/tools/imt tools/imt tools/sdk/imt_sdk_win_64/imt_sdk_win_64/winavr/bin/../lib/gcc/avr/4.3.3/../../../../avr/lib/avr5/crtm32.o
 *(.init2)
 *(.init3)
 *(.init3)
 *(.init4)
 .init4         0x00000060       0x16 e:/study/embedded systems avr/tools/imt tools/imt tools/sdk/imt_sdk_win_64/imt_sdk_win_64/winavr/bin/../lib/gcc/avr/4.3.3/avr5\libgcc.a(_copy_data.o)
                0x00000060                __do_copy_data
 *(.init4)
 *(.init5)
 *(.init5)
 *(.init6)
 *(.init6)
 *(.init7)
 *(.init7)
 *(.init8)
 *(.init8)
 *(.init9)
 .init9         0x00000076        0x8 e:/study/embedded systems avr/tools/imt tools/imt tools/sdk/imt_sdk_win_64/imt_sdk_win_64/winavr/bin/../lib/gcc/avr/4.3.3/../../../../avr/lib/avr5/crtm32.o
 *(.init9)
 *(.text)
 .text          0x0000007e        0x4 e:/study/embedded systems avr/tools/imt tools/imt tools/sdk/imt_sdk_win_64/imt_sdk_win_64/winavr/bin/../lib/gcc/avr/4.3.3/../../../../avr/lib/avr5/crtm32.o
                0x0000007e                __vector_1
                0x0000007e                __vector_12
                0x0000007e                __bad_interrupt
                0x0000007e                __vector_6
                0x0000007e                __vector_3
                0x0000007e                __vector_11
                0x0000007e                __vector_13
                0x0000007e                __vector_17
                0x0000007e                __vector_19
                0x0000007e                __vector_7
                0x0000007e                __vector_5
                0x0000007e                __vector_4
                0x0000007e                __vector_9
                0x0000007e                __vector_2
                0x0000007e                __vector_15
                0x0000007e                __vector_8
                0x0000007e                __vector_14
                0x0000007e                __vector_10
                0x0000007e                __vector_16
                0x0000007e                __vector_18
                0x0000007e                __vector_20
 .text          0x00000082        0x0 ./CLCD_Program.o
 .text          0x00000082        0x0 ./DIO_program.o
 .text          0x00000082        0x0 ./EEPROM_program.o
 .text          0x00000082        0x0 ./TWI_program.o
 .text          0x00000082        0x0 ./main.o
 .text          0x00000082        0x0 e:/study/embedded systems avr/tools/imt tools/imt tools/sdk/imt_sdk_win_64/imt_sdk_win_64/winavr/bin/../lib/gcc/avr/4.3.3/avr5\libgcc.a(_udivmodsi4.o)
 .text          0x00000082        0x0 e:/study/embedded systems avr/tools/imt tools/imt tools/sdk/imt_sdk_win_64/imt_sdk_win_64/winavr/bin/../lib/gcc/avr/4.3.3/avr5\libgcc.a(_exit.o)
 .text          0x00000082        0x0 e:/study/embedded systems avr/tools/imt tools/imt tools/sdk/imt_sdk_win_64/imt_sdk_win_64/winavr/bin/../lib/gcc/avr/4.3.3/avr5\libgcc.a(_copy_data.o)
 .text          0x00000082       0x58 e:/study/embedded systems avr/tools/imt tools/imt tools/sdk/imt_sdk_win_64/imt_sdk_win_64/winavr/bin/../lib/gcc/avr/4.3.3/avr5\libgcc.a(_fixunssfsi.o)
                0x00000082                __fixunssfsi
 .text          0x000000da      0x354 e:/study/embedded systems avr/tools/imt tools/imt tools/sdk/imt_sdk_win_64/imt_sdk_win_64/winavr/bin/../lib/gcc/avr/4.3.3/avr5\libgcc.a(_addsub_sf.o)
                0x00000372                __subsf3
                0x000003d4                __addsf3
 .text          0x0000042e      0x1f4 e:/study/embedded systems avr/tools/imt tools/imt tools/sdk/imt_sdk_win_64/imt_sdk_win_64/winavr/bin/../lib/gcc/avr/4.3.3/avr5\libgcc.a(_mul_sf.o)
                0x0000042e                __mulsf3
 .text          0x00000622       0x60 e:/study/embedded systems avr/tools/imt tools/imt tools/sdk/imt_sdk_win_64/imt_sdk_win_64/winavr/bin/../lib/gcc/avr/4.3.3/avr5\libgcc.a(_gt_sf.o)
                0x00000622                __gtsf2
 .text          0x00000682       0x60 e:/study/embedded systems avr/tools/imt tools/imt tools/sdk/imt_sdk_win_64/imt_sdk_win_64/winavr/bin/../lib/gcc/avr/4.3.3/avr5\libgcc.a(_ge_sf.o)
                0x00000682                __gesf2
 .text          0x000006e2       0x60 e:/study/embedded systems avr/tools/imt tools/imt tools/sdk/imt_sdk_win_64/imt_sdk_win_64/winavr/bin/../lib/gcc/avr/4.3.3/avr5\libgcc.a(_lt_sf.o)
                0x000006e2                __ltsf2
 .text          0x00000742       0xbc e:/study/embedded systems avr/tools/imt tools/imt tools/sdk/imt_sdk_win_64/imt_sdk_win_64/winavr/bin/../lib/gcc/avr/4.3.3/avr5\libgcc.a(_si_to_sf.o)
                0x00000742                __floatsisf
 .text          0x000007fe       0xa8 e:/study/embedded systems avr/tools/imt tools/imt tools/sdk/imt_sdk_win_64/imt_sdk_win_64/winavr/bin/../lib/gcc/avr/4.3.3/avr5\libgcc.a(_sf_to_si.o)
                0x000007fe                __fixsfsi
 .text          0x000008a6        0x0 e:/study/embedded systems avr/tools/imt tools/imt tools/sdk/imt_sdk_win_64/imt_sdk_win_64/winavr/bin/../lib/gcc/avr/4.3.3/avr5\libgcc.a(_thenan_sf.o)
 .text          0x000008a6        0x0 e:/study/embedded systems avr/tools/imt tools/imt tools/sdk/imt_sdk_win_64/imt_sdk_win_64/winavr/bin/../lib/gcc/avr/4.3.3/avr5\libgcc.a(_prologue.o)
 .text          0x000008a6        0x0 e:/study/embedded systems avr/tools/imt tools/imt tools/sdk/imt_sdk_win_64/imt_sdk_win_64/winavr/bin/../lib/gcc/avr/4.3.3/avr5\libgcc.a(_epilogue.o)
 .text          0x000008a6       0x9e e:/study/embedded systems avr/tools/imt tools/imt tools/sdk/imt_sdk_win_64/imt_sdk_win_64/winavr/bin/../lib/gcc/avr/4.3.3/avr5\libgcc.a(_clzsi2.o)
                0x000008a6                __clzsi2
 .text          0x00000944      0x1aa e:/study/embedded systems avr/tools/imt tools/imt tools/sdk/imt_sdk_win_64/imt_sdk_win_64/winavr/bin/../lib/gcc/avr/4.3.3/avr5\libgcc.a(_pack_sf.o)
                0x00000944                __pack_f
 .text          0x00000aee       0xf0 e:/study/embedded systems avr/tools/imt tools/imt tools/sdk/imt_sdk_win_64/imt_sdk_win_64/winavr/bin/../lib/gcc/avr/4.3.3/avr5\libgcc.a(_unpack_sf.o)
                0x00000aee                __unpack_f
 .text          0x00000bde       0xb2 e:/study/embedded systems avr/tools/imt tools/imt tools/sdk/imt_sdk_win_64/imt_sdk_win_64/winavr/bin/../lib/gcc/avr/4.3.3/avr5\libgcc.a(_fpcmp_parts_sf.o)
                0x00000bde                __fpcmp_parts_f
 .text          0x00000c90        0x0 e:/study/embedded systems avr/tools/imt tools/imt tools/sdk/imt_sdk_win_64/imt_sdk_win_64/winavr/bin/../lib/gcc/avr/4.3.3/avr5\libgcc.a(_clz.o)
 .text          0x00000c90        0x0 e:/study/embedded systems avr/tools/imt tools/imt tools/sdk/imt_sdk_win_64/imt_sdk_win_64/winavr/bin/../lib/gcc/avr/4.3.3/../../../../avr/lib/avr5\libc.a(sprintf.o)
 .text          0x00000c90        0x0 e:/study/embedded systems avr/tools/imt tools/imt tools/sdk/imt_sdk_win_64/imt_sdk_win_64/winavr/bin/../lib/gcc/avr/4.3.3/../../../../avr/lib/avr5\libc.a(vfprintf_std.o)
 .text          0x00000c90        0x0 e:/study/embedded systems avr/tools/imt tools/imt tools/sdk/imt_sdk_win_64/imt_sdk_win_64/winavr/bin/../lib/gcc/avr/4.3.3/../../../../avr/lib/avr5\libc.a(strnlen_P.o)
 .text          0x00000c90        0x0 e:/study/embedded systems avr/tools/imt tools/imt tools/sdk/imt_sdk_win_64/imt_sdk_win_64/winavr/bin/../lib/gcc/avr/4.3.3/../../../../avr/lib/avr5\libc.a(strnlen.o)
 .text          0x00000c90        0x0 e:/study/embedded systems avr/tools/imt tools/imt tools/sdk/imt_sdk_win_64/imt_sdk_win_64/winavr/bin/../lib/gcc/avr/4.3.3/../../../../avr/lib/avr5\libc.a(fputc.o)
 .text          0x00000c90        0x0 e:/study/embedded systems avr/tools/imt tools/imt tools/sdk/imt_sdk_win_64/imt_sdk_win_64/winavr/bin/../lib/gcc/avr/4.3.3/../../../../avr/lib/avr5\libc.a(ultoa_invert.o)
                0x00000c90                . = ALIGN (0x2)
 *(.text.*)
 .text.CLCD_voidSendData
                0x00000c90      0x13c ./CLCD_Program.o
                0x00000c90                CLCD_voidSendData
 .text.CLCD_voidSendCommand
                0x00000dcc      0x13c ./CLCD_Program.o
                0x00000dcc                CLCD_voidSendCommand
 .text.CLCD_voidInit
                0x00000f08      0x142 ./CLCD_Program.o
                0x00000f08                CLCD_voidInit
 .text.CLCD_voidSendString
                0x0000104a       0x52 ./CLCD_Program.o
                0x0000104a                CLCD_voidSendString
 .text.CLCD_voidSendInteger
                0x0000109c       0xec ./CLCD_Program.o
                0x0000109c                CLCD_voidSendInteger
 .text.CLCD_voidSetXYPosition
                0x00001188       0x40 ./CLCD_Program.o
                0x00001188                CLCD_voidSetXYPosition
 .text.CLCD_voidScrollTextLeftToRight
                0x000011c8      0x1be ./CLCD_Program.o
                0x000011c8                CLCD_voidScrollTextLeftToRight
 .text.CLCD_voidScrollTextRightToLeft
                0x00001386      0x1cc ./CLCD_Program.o
                0x00001386                CLCD_voidScrollTextRightToLeft
 .text.CLCD_voidScrollTextSinsoidalwave
                0x00001552      0x1e6 ./CLCD_Program.o
                0x00001552                CLCD_voidScrollTextSinsoidalwave
 .text.CLCD_voidClearDisplay
                0x00001738      0x110 ./CLCD_Program.o
                0x00001738                CLCD_voidClearDisplay
 .text.CLCD_voidShift
                0x00001848       0x26 ./CLCD_Program.o
                0x00001848                CLCD_voidShift
 .text.CLCD_voidCreateShape
                0x0000186e       0x64 ./CLCD_Program.o
                0x0000186e                CLCD_voidCreateShape
 .text.CLCD_voidDrawShape
                0x000018d2       0x1a ./CLCD_Program.o
                0x000018d2                CLCD_voidDrawShape
 .text.CLCD_voidSendFloat
                0x000018ec       0xe0 ./CLCD_Program.o
                0x000018ec                CLCD_voidSendFloat
 .text.DIO_voidSetPinDirection
                0x000019cc      0x200 ./DIO_program.o
                0x000019cc                DIO_voidSetPinDirection
 .text.DIO_voidSetPinValue
                0x00001bcc      0x200 ./DIO_program.o
                0x00001bcc                DIO_voidSetPinValue
 .text.DIO_u8GetPinValue
                0x00001dcc       0xf4 ./DIO_program.o
                0x00001dcc                DIO_u8GetPinValue
 .text.DIO_voidSetPortDirection
                0x00001ec0       0x82 ./DIO_program.o
                0x00001ec0                DIO_voidSetPortDirection
 .text.DIO_voidSetPortValue
                0x00001f42       0x82 ./DIO_program.o
                0x00001f42                DIO_voidSetPortValue
 .text.DIO_u8GetPortValue
                0x00001fc4       0x82 ./DIO_program.o
                0x00001fc4                DIO_u8GetPortValue
 .text.EEPROM_voidWriteData
                0x00002046      0x128 ./EEPROM_program.o
                0x00002046                EEPROM_voidWriteData
 .text.EEPROM_u8ReadData
                0x0000216e       0x3c ./EEPROM_program.o
                0x0000216e                EEPROM_u8ReadData
 .text.TWI_voidMasterInit
                0x000021aa       0x3a ./TWI_program.o
                0x000021aa                TWI_voidMasterInit
 .text.TWI_voidSlaveInit
                0x000021e4       0x16 ./TWI_program.o
                0x000021e4                TWI_voidSlaveInit
 .text.TWI_voidSendStartCondition
                0x000021fa       0x24 ./TWI_program.o
                0x000021fa                TWI_voidSendStartCondition
 .text.TWI_voidSendRepeatedStart
                0x0000221e       0x24 ./TWI_program.o
                0x0000221e                TWI_voidSendRepeatedStart
 .text.TWI_voidSendSlaveAddressWithWrite
                0x00002242       0x42 ./TWI_program.o
                0x00002242                TWI_voidSendSlaveAddressWithWrite
 .text.TWI_voidSendSlaveAddressWithRead
                0x00002284       0x42 ./TWI_program.o
                0x00002284                TWI_voidSendSlaveAddressWithRead
 .text.TWI_voidMasterSendDataWithAck
                0x000022c6       0x32 ./TWI_program.o
                0x000022c6                TWI_voidMasterSendDataWithAck
 .text.TWI_voidMasterSendDataWithNack
                0x000022f8       0x32 ./TWI_program.o
                0x000022f8                TWI_voidMasterSendDataWithNack
 .text.TWI_u8MasterReceiveDataWithAck
                0x0000232a       0x2a ./TWI_program.o
                0x0000232a                TWI_u8MasterReceiveDataWithAck
 .text.TWI_u8MasterReceiveDataWithNack
                0x00002354       0x2a ./TWI_program.o
                0x00002354                TWI_u8MasterReceiveDataWithNack
 .text.TWI_voidSendStopCondition
                0x0000237e       0x16 ./TWI_program.o
                0x0000237e                TWI_voidSendStopCondition
 .text.main     0x00002394       0x2a ./main.o
                0x00002394                main
 .text.libgcc   0x000023be       0x44 e:/study/embedded systems avr/tools/imt tools/imt tools/sdk/imt_sdk_win_64/imt_sdk_win_64/winavr/bin/../lib/gcc/avr/4.3.3/avr5\libgcc.a(_udivmodsi4.o)
                0x000023be                __udivmodsi4
 .text.libgcc   0x00002402        0x0 e:/study/embedded systems avr/tools/imt tools/imt tools/sdk/imt_sdk_win_64/imt_sdk_win_64/winavr/bin/../lib/gcc/avr/4.3.3/avr5\libgcc.a(_exit.o)
 .text.libgcc   0x00002402        0x0 e:/study/embedded systems avr/tools/imt tools/imt tools/sdk/imt_sdk_win_64/imt_sdk_win_64/winavr/bin/../lib/gcc/avr/4.3.3/avr5\libgcc.a(_copy_data.o)
 .text.libgcc   0x00002402       0x38 e:/study/embedded systems avr/tools/imt tools/imt tools/sdk/imt_sdk_win_64/imt_sdk_win_64/winavr/bin/../lib/gcc/avr/4.3.3/avr5\libgcc.a(_prologue.o)
                0x00002402                __prologue_saves__
 .text.libgcc   0x0000243a       0x36 e:/study/embedded systems avr/tools/imt tools/imt tools/sdk/imt_sdk_win_64/imt_sdk_win_64/winavr/bin/../lib/gcc/avr/4.3.3/avr5\libgcc.a(_epilogue.o)
                0x0000243a                __epilogue_restores__
 .text.avr-libc
                0x00002470       0x48 e:/study/embedded systems avr/tools/imt tools/imt tools/sdk/imt_sdk_win_64/imt_sdk_win_64/winavr/bin/../lib/gcc/avr/4.3.3/../../../../avr/lib/avr5\libc.a(sprintf.o)
                0x00002470                sprintf
 .text.avr-libc
                0x000024b8      0x3ba e:/study/embedded systems avr/tools/imt tools/imt tools/sdk/imt_sdk_win_64/imt_sdk_win_64/winavr/bin/../lib/gcc/avr/4.3.3/../../../../avr/lib/avr5\libc.a(vfprintf_std.o)
                0x000024b8                vfprintf
 .text.avr-libc
                0x00002872       0x16 e:/study/embedded systems avr/tools/imt tools/imt tools/sdk/imt_sdk_win_64/imt_sdk_win_64/winavr/bin/../lib/gcc/avr/4.3.3/../../../../avr/lib/avr5\libc.a(strnlen_P.o)
                0x00002872                strnlen_P
 .text.avr-libc
                0x00002888       0x16 e:/study/embedded systems avr/tools/imt tools/imt tools/sdk/imt_sdk_win_64/imt_sdk_win_64/winavr/bin/../lib/gcc/avr/4.3.3/../../../../avr/lib/avr5\libc.a(strnlen.o)
                0x00002888                strnlen
 .text.avr-libc
                0x0000289e       0x58 e:/study/embedded systems avr/tools/imt tools/imt tools/sdk/imt_sdk_win_64/imt_sdk_win_64/winavr/bin/../lib/gcc/avr/4.3.3/../../../../avr/lib/avr5\libc.a(fputc.o)
                0x0000289e                fputc
 .text.avr-libc
                0x000028f6       0xbc e:/study/embedded systems avr/tools/imt tools/imt tools/sdk/imt_sdk_win_64/imt_sdk_win_64/winavr/bin/../lib/gcc/avr/4.3.3/../../../../avr/lib/avr5\libc.a(ultoa_invert.o)
                0x000028f6                __ultoa_invert
                0x000029b2                . = ALIGN (0x2)
 *(.fini9)
 .fini9         0x000029b2        0x0 e:/study/embedded systems avr/tools/imt tools/imt tools/sdk/imt_sdk_win_64/imt_sdk_win_64/winavr/bin/../lib/gcc/avr/4.3.3/avr5\libgcc.a(_exit.o)
                0x000029b2                exit
                0x000029b2                _exit
 *(.fini9)
 *(.fini8)
 *(.fini8)
 *(.fini7)
 *(.fini7)
 *(.fini6)
 *(.fini6)
 *(.fini5)
 *(.fini5)
 *(.fini4)
 *(.fini4)
 *(.fini3)
 *(.fini3)
 *(.fini2)
 *(.fini2)
 *(.fini1)
 *(.fini1)
 *(.fini0)
 .fini0         0x000029b2        0x4 e:/study/embedded systems avr/tools/imt tools/imt tools/sdk/imt_sdk_win_64/imt_sdk_win_64/winavr/bin/../lib/gcc/avr/4.3.3/avr5\libgcc.a(_exit.o)
 *(.fini0)
                0x000029b6                _etext = .

.data           0x00800060      0x110 load address 0x000029b6
                0x00800060                PROVIDE (__data_start, .)
 *(.data)
 .data          0x00800060        0x0 e:/study/embedded systems avr/tools/imt tools/imt tools/sdk/imt_sdk_win_64/imt_sdk_win_64/winavr/bin/../lib/gcc/avr/4.3.3/../../../../avr/lib/avr5/crtm32.o
 .data          0x00800060        0x8 ./CLCD_Program.o
 .data          0x00800068        0x0 ./DIO_program.o
 .data          0x00800068        0x0 ./EEPROM_program.o
 .data          0x00800068        0x0 ./TWI_program.o
 .data          0x00800068        0x0 ./main.o
 .data          0x00800068        0x0 e:/study/embedded systems avr/tools/imt tools/imt tools/sdk/imt_sdk_win_64/imt_sdk_win_64/winavr/bin/../lib/gcc/avr/4.3.3/avr5\libgcc.a(_udivmodsi4.o)
 .data          0x00800068        0x0 e:/study/embedded systems avr/tools/imt tools/imt tools/sdk/imt_sdk_win_64/imt_sdk_win_64/winavr/bin/../lib/gcc/avr/4.3.3/avr5\libgcc.a(_exit.o)
 .data          0x00800068        0x0 e:/study/embedded systems avr/tools/imt tools/imt tools/sdk/imt_sdk_win_64/imt_sdk_win_64/winavr/bin/../lib/gcc/avr/4.3.3/avr5\libgcc.a(_copy_data.o)
 .data          0x00800068        0x0 e:/study/embedded systems avr/tools/imt tools/imt tools/sdk/imt_sdk_win_64/imt_sdk_win_64/winavr/bin/../lib/gcc/avr/4.3.3/avr5\libgcc.a(_fixunssfsi.o)
 .data          0x00800068        0x0 e:/study/embedded systems avr/tools/imt tools/imt tools/sdk/imt_sdk_win_64/imt_sdk_win_64/winavr/bin/../lib/gcc/avr/4.3.3/avr5\libgcc.a(_addsub_sf.o)
 .data          0x00800068        0x0 e:/study/embedded systems avr/tools/imt tools/imt tools/sdk/imt_sdk_win_64/imt_sdk_win_64/winavr/bin/../lib/gcc/avr/4.3.3/avr5\libgcc.a(_mul_sf.o)
 .data          0x00800068        0x0 e:/study/embedded systems avr/tools/imt tools/imt tools/sdk/imt_sdk_win_64/imt_sdk_win_64/winavr/bin/../lib/gcc/avr/4.3.3/avr5\libgcc.a(_gt_sf.o)
 .data          0x00800068        0x0 e:/study/embedded systems avr/tools/imt tools/imt tools/sdk/imt_sdk_win_64/imt_sdk_win_64/winavr/bin/../lib/gcc/avr/4.3.3/avr5\libgcc.a(_ge_sf.o)
 .data          0x00800068        0x0 e:/study/embedded systems avr/tools/imt tools/imt tools/sdk/imt_sdk_win_64/imt_sdk_win_64/winavr/bin/../lib/gcc/avr/4.3.3/avr5\libgcc.a(_lt_sf.o)
 .data          0x00800068        0x0 e:/study/embedded systems avr/tools/imt tools/imt tools/sdk/imt_sdk_win_64/imt_sdk_win_64/winavr/bin/../lib/gcc/avr/4.3.3/avr5\libgcc.a(_si_to_sf.o)
 .data          0x00800068        0x0 e:/study/embedded systems avr/tools/imt tools/imt tools/sdk/imt_sdk_win_64/imt_sdk_win_64/winavr/bin/../lib/gcc/avr/4.3.3/avr5\libgcc.a(_sf_to_si.o)
 .data          0x00800068        0x8 e:/study/embedded systems avr/tools/imt tools/imt tools/sdk/imt_sdk_win_64/imt_sdk_win_64/winavr/bin/../lib/gcc/avr/4.3.3/avr5\libgcc.a(_thenan_sf.o)
                0x00800068                __thenan_sf
 .data          0x00800070        0x0 e:/study/embedded systems avr/tools/imt tools/imt tools/sdk/imt_sdk_win_64/imt_sdk_win_64/winavr/bin/../lib/gcc/avr/4.3.3/avr5\libgcc.a(_prologue.o)
 .data          0x00800070        0x0 e:/study/embedded systems avr/tools/imt tools/imt tools/sdk/imt_sdk_win_64/imt_sdk_win_64/winavr/bin/../lib/gcc/avr/4.3.3/avr5\libgcc.a(_epilogue.o)
 .data          0x00800070        0x0 e:/study/embedded systems avr/tools/imt tools/imt tools/sdk/imt_sdk_win_64/imt_sdk_win_64/winavr/bin/../lib/gcc/avr/4.3.3/avr5\libgcc.a(_clzsi2.o)
 .data          0x00800070        0x0 e:/study/embedded systems avr/tools/imt tools/imt tools/sdk/imt_sdk_win_64/imt_sdk_win_64/winavr/bin/../lib/gcc/avr/4.3.3/avr5\libgcc.a(_pack_sf.o)
 .data          0x00800070        0x0 e:/study/embedded systems avr/tools/imt tools/imt tools/sdk/imt_sdk_win_64/imt_sdk_win_64/winavr/bin/../lib/gcc/avr/4.3.3/avr5\libgcc.a(_unpack_sf.o)
 .data          0x00800070        0x0 e:/study/embedded systems avr/tools/imt tools/imt tools/sdk/imt_sdk_win_64/imt_sdk_win_64/winavr/bin/../lib/gcc/avr/4.3.3/avr5\libgcc.a(_fpcmp_parts_sf.o)
 .data          0x00800070      0x100 e:/study/embedded systems avr/tools/imt tools/imt tools/sdk/imt_sdk_win_64/imt_sdk_win_64/winavr/bin/../lib/gcc/avr/4.3.3/avr5\libgcc.a(_clz.o)
                0x00800070                __clz_tab
 .data          0x00800170        0x0 e:/study/embedded systems avr/tools/imt tools/imt tools/sdk/imt_sdk_win_64/imt_sdk_win_64/winavr/bin/../lib/gcc/avr/4.3.3/../../../../avr/lib/avr5\libc.a(sprintf.o)
 .data          0x00800170        0x0 e:/study/embedded systems avr/tools/imt tools/imt tools/sdk/imt_sdk_win_64/imt_sdk_win_64/winavr/bin/../lib/gcc/avr/4.3.3/../../../../avr/lib/avr5\libc.a(vfprintf_std.o)
 .data          0x00800170        0x0 e:/study/embedded systems avr/tools/imt tools/imt tools/sdk/imt_sdk_win_64/imt_sdk_win_64/winavr/bin/../lib/gcc/avr/4.3.3/../../../../avr/lib/avr5\libc.a(strnlen_P.o)
 .data          0x00800170        0x0 e:/study/embedded systems avr/tools/imt tools/imt tools/sdk/imt_sdk_win_64/imt_sdk_win_64/winavr/bin/../lib/gcc/avr/4.3.3/../../../../avr/lib/avr5\libc.a(strnlen.o)
 .data          0x00800170        0x0 e:/study/embedded systems avr/tools/imt tools/imt tools/sdk/imt_sdk_win_64/imt_sdk_win_64/winavr/bin/../lib/gcc/avr/4.3.3/../../../../avr/lib/avr5\libc.a(fputc.o)
 .data          0x00800170        0x0 e:/study/embedded systems avr/tools/imt tools/imt tools/sdk/imt_sdk_win_64/imt_sdk_win_64/winavr/bin/../lib/gcc/avr/4.3.3/../../../../avr/lib/avr5\libc.a(ultoa_invert.o)
 *(.data*)
 *(.rodata)
 *(.rodata*)
 *(.gnu.linkonce.d*)
                0x00800170                . = ALIGN (0x2)
                0x00800170                _edata = .
                0x00800170                PROVIDE (__data_end, .)

.bss            0x00800170        0x0
                0x00800170                PROVIDE (__bss_start, .)
 *(.bss)
 .bss           0x00800170        0x0 e:/study/embedded systems avr/tools/imt tools/imt tools/sdk/imt_sdk_win_64/imt_sdk_win_64/winavr/bin/../lib/gcc/avr/4.3.3/../../../../avr/lib/avr5/crtm32.o
 .bss           0x00800170        0x0 ./CLCD_Program.o
 .bss           0x00800170        0x0 ./DIO_program.o
 .bss           0x00800170        0x0 ./EEPROM_program.o
 .bss           0x00800170        0x0 ./TWI_program.o
 .bss           0x00800170        0x0 ./main.o
 .bss           0x00800170        0x0 e:/study/embedded systems avr/tools/imt tools/imt tools/sdk/imt_sdk_win_64/imt_sdk_win_64/winavr/bin/../lib/gcc/avr/4.3.3/avr5\libgcc.a(_udivmodsi4.o)
 .bss           0x00800170        0x0 e:/study/embedded systems avr/tools/imt tools/imt tools/sdk/imt_sdk_win_64/imt_sdk_win_64/winavr/bin/../lib/gcc/avr/4.3.3/avr5\libgcc.a(_exit.o)
 .bss           0x00800170        0x0 e:/study/embedded systems avr/tools/imt tools/imt tools/sdk/imt_sdk_win_64/imt_sdk_win_64/winavr/bin/../lib/gcc/avr/4.3.3/avr5\libgcc.a(_copy_data.o)
 .bss           0x00800170        0x0 e:/study/embedded systems avr/tools/imt tools/imt tools/sdk/imt_sdk_win_64/imt_sdk_win_64/winavr/bin/../lib/gcc/avr/4.3.3/avr5\libgcc.a(_fixunssfsi.o)
 .bss           0x00800170        0x0 e:/study/embedded systems avr/tools/imt tools/imt tools/sdk/imt_sdk_win_64/imt_sdk_win_64/winavr/bin/../lib/gcc/avr/4.3.3/avr5\libgcc.a(_addsub_sf.o)
 .bss           0x00800170        0x0 e:/study/embedded systems avr/tools/imt tools/imt tools/sdk/imt_sdk_win_64/imt_sdk_win_64/winavr/bin/../lib/gcc/avr/4.3.3/avr5\libgcc.a(_mul_sf.o)
 .bss           0x00800170        0x0 e:/study/embedded systems avr/tools/imt tools/imt tools/sdk/imt_sdk_win_64/imt_sdk_win_64/winavr/bin/../lib/gcc/avr/4.3.3/avr5\libgcc.a(_gt_sf.o)
 .bss           0x00800170        0x0 e:/study/embedded systems avr/tools/imt tools/imt tools/sdk/imt_sdk_win_64/imt_sdk_win_64/winavr/bin/../lib/gcc/avr/4.3.3/avr5\libgcc.a(_ge_sf.o)
 .bss           0x00800170        0x0 e:/study/embedded systems avr/tools/imt tools/imt tools/sdk/imt_sdk_win_64/imt_sdk_win_64/winavr/bin/../lib/gcc/avr/4.3.3/avr5\libgcc.a(_lt_sf.o)
 .bss           0x00800170        0x0 e:/study/embedded systems avr/tools/imt tools/imt tools/sdk/imt_sdk_win_64/imt_sdk_win_64/winavr/bin/../lib/gcc/avr/4.3.3/avr5\libgcc.a(_si_to_sf.o)
 .bss           0x00800170        0x0 e:/study/embedded systems avr/tools/imt tools/imt tools/sdk/imt_sdk_win_64/imt_sdk_win_64/winavr/bin/../lib/gcc/avr/4.3.3/avr5\libgcc.a(_sf_to_si.o)
 .bss           0x00800170        0x0 e:/study/embedded systems avr/tools/imt tools/imt tools/sdk/imt_sdk_win_64/imt_sdk_win_64/winavr/bin/../lib/gcc/avr/4.3.3/avr5\libgcc.a(_thenan_sf.o)
 .bss           0x00800170        0x0 e:/study/embedded systems avr/tools/imt tools/imt tools/sdk/imt_sdk_win_64/imt_sdk_win_64/winavr/bin/../lib/gcc/avr/4.3.3/avr5\libgcc.a(_prologue.o)
 .bss           0x00800170        0x0 e:/study/embedded systems avr/tools/imt tools/imt tools/sdk/imt_sdk_win_64/imt_sdk_win_64/winavr/bin/../lib/gcc/avr/4.3.3/avr5\libgcc.a(_epilogue.o)
 .bss           0x00800170        0x0 e:/study/embedded systems avr/tools/imt tools/imt tools/sdk/imt_sdk_win_64/imt_sdk_win_64/winavr/bin/../lib/gcc/avr/4.3.3/avr5\libgcc.a(_clzsi2.o)
 .bss           0x00800170        0x0 e:/study/embedded systems avr/tools/imt tools/imt tools/sdk/imt_sdk_win_64/imt_sdk_win_64/winavr/bin/../lib/gcc/avr/4.3.3/avr5\libgcc.a(_pack_sf.o)
 .bss           0x00800170        0x0 e:/study/embedded systems avr/tools/imt tools/imt tools/sdk/imt_sdk_win_64/imt_sdk_win_64/winavr/bin/../lib/gcc/avr/4.3.3/avr5\libgcc.a(_unpack_sf.o)
 .bss           0x00800170        0x0 e:/study/embedded systems avr/tools/imt tools/imt tools/sdk/imt_sdk_win_64/imt_sdk_win_64/winavr/bin/../lib/gcc/avr/4.3.3/avr5\libgcc.a(_fpcmp_parts_sf.o)
 .bss           0x00800170        0x0 e:/study/embedded systems avr/tools/imt tools/imt tools/sdk/imt_sdk_win_64/imt_sdk_win_64/winavr/bin/../lib/gcc/avr/4.3.3/avr5\libgcc.a(_clz.o)
 .bss           0x00800170        0x0 e:/study/embedded systems avr/tools/imt tools/imt tools/sdk/imt_sdk_win_64/imt_sdk_win_64/winavr/bin/../lib/gcc/avr/4.3.3/../../../../avr/lib/avr5\libc.a(sprintf.o)
 .bss           0x00800170        0x0 e:/study/embedded systems avr/tools/imt tools/imt tools/sdk/imt_sdk_win_64/imt_sdk_win_64/winavr/bin/../lib/gcc/avr/4.3.3/../../../../avr/lib/avr5\libc.a(vfprintf_std.o)
 .bss           0x00800170        0x0 e:/study/embedded systems avr/tools/imt tools/imt tools/sdk/imt_sdk_win_64/imt_sdk_win_64/winavr/bin/../lib/gcc/avr/4.3.3/../../../../avr/lib/avr5\libc.a(strnlen_P.o)
 .bss           0x00800170        0x0 e:/study/embedded systems avr/tools/imt tools/imt tools/sdk/imt_sdk_win_64/imt_sdk_win_64/winavr/bin/../lib/gcc/avr/4.3.3/../../../../avr/lib/avr5\libc.a(strnlen.o)
 .bss           0x00800170        0x0 e:/study/embedded systems avr/tools/imt tools/imt tools/sdk/imt_sdk_win_64/imt_sdk_win_64/winavr/bin/../lib/gcc/avr/4.3.3/../../../../avr/lib/avr5\libc.a(fputc.o)
 .bss           0x00800170        0x0 e:/study/embedded systems avr/tools/imt tools/imt tools/sdk/imt_sdk_win_64/imt_sdk_win_64/winavr/bin/../lib/gcc/avr/4.3.3/../../../../avr/lib/avr5\libc.a(ultoa_invert.o)
 *(.bss*)
 *(COMMON)
                0x00800170                PROVIDE (__bss_end, .)
                0x000029b6                __data_load_start = LOADADDR (.data)
                0x00002ac6                __data_load_end = (__data_load_start + SIZEOF (.data))

.noinit         0x00800170        0x0
                0x00800170                PROVIDE (__noinit_start, .)
 *(.noinit*)
                0x00800170                PROVIDE (__noinit_end, .)
                0x00800170                _end = .
                0x00800170                PROVIDE (__heap_start, .)

.eeprom         0x00810000        0x0
 *(.eeprom*)
                0x00810000                __eeprom_end = .

.fuse
 *(.fuse)
 *(.lfuse)
 *(.hfuse)
 *(.efuse)

.lock
 *(.lock*)

.signature
 *(.signature*)

.stab           0x00000000     0x1ee4
 *(.stab)
 .stab          0x00000000     0x1134 ./CLCD_Program.o
 .stab          0x00001134      0x4d4 ./DIO_program.o
                                0x570 (size before relaxing)
 .stab          0x00001608      0x2e8 ./EEPROM_program.o
                                0x510 (size before relaxing)
 .stab          0x000018f0      0x468 ./TWI_program.o
                                0x504 (size before relaxing)
 .stab          0x00001d58      0x18c ./main.o
                                0x3d8 (size before relaxing)

.stabstr        0x00000000      0xf9c
 *(.stabstr)
 .stabstr       0x00000000      0xf9c ./CLCD_Program.o

.stab.excl
 *(.stab.excl)

.stab.exclstr
 *(.stab.exclstr)

.stab.index
 *(.stab.index)

.stab.indexstr
 *(.stab.indexstr)

.comment
 *(.comment)

.debug
 *(.debug)

.line
 *(.line)

.debug_srcinfo
 *(.debug_srcinfo)

.debug_sfnames
 *(.debug_sfnames)

.debug_aranges  0x00000000      0x180
 *(.debug_aranges)
 .debug_aranges
                0x00000000       0x20 e:/study/embedded systems avr/tools/imt tools/imt tools/sdk/imt_sdk_win_64/imt_sdk_win_64/winavr/bin/../lib/gcc/avr/4.3.3/avr5\libgcc.a(_fixunssfsi.o)
 .debug_aranges
                0x00000020       0x20 e:/study/embedded systems avr/tools/imt tools/imt tools/sdk/imt_sdk_win_64/imt_sdk_win_64/winavr/bin/../lib/gcc/avr/4.3.3/avr5\libgcc.a(_addsub_sf.o)
 .debug_aranges
                0x00000040       0x20 e:/study/embedded systems avr/tools/imt tools/imt tools/sdk/imt_sdk_win_64/imt_sdk_win_64/winavr/bin/../lib/gcc/avr/4.3.3/avr5\libgcc.a(_mul_sf.o)
 .debug_aranges
                0x00000060       0x20 e:/study/embedded systems avr/tools/imt tools/imt tools/sdk/imt_sdk_win_64/imt_sdk_win_64/winavr/bin/../lib/gcc/avr/4.3.3/avr5\libgcc.a(_gt_sf.o)
 .debug_aranges
                0x00000080       0x20 e:/study/embedded systems avr/tools/imt tools/imt tools/sdk/imt_sdk_win_64/imt_sdk_win_64/winavr/bin/../lib/gcc/avr/4.3.3/avr5\libgcc.a(_ge_sf.o)
 .debug_aranges
                0x000000a0       0x20 e:/study/embedded systems avr/tools/imt tools/imt tools/sdk/imt_sdk_win_64/imt_sdk_win_64/winavr/bin/../lib/gcc/avr/4.3.3/avr5\libgcc.a(_lt_sf.o)
 .debug_aranges
                0x000000c0       0x20 e:/study/embedded systems avr/tools/imt tools/imt tools/sdk/imt_sdk_win_64/imt_sdk_win_64/winavr/bin/../lib/gcc/avr/4.3.3/avr5\libgcc.a(_si_to_sf.o)
 .debug_aranges
                0x000000e0       0x20 e:/study/embedded systems avr/tools/imt tools/imt tools/sdk/imt_sdk_win_64/imt_sdk_win_64/winavr/bin/../lib/gcc/avr/4.3.3/avr5\libgcc.a(_sf_to_si.o)
 .debug_aranges
                0x00000100       0x20 e:/study/embedded systems avr/tools/imt tools/imt tools/sdk/imt_sdk_win_64/imt_sdk_win_64/winavr/bin/../lib/gcc/avr/4.3.3/avr5\libgcc.a(_clzsi2.o)
 .debug_aranges
                0x00000120       0x20 e:/study/embedded systems avr/tools/imt tools/imt tools/sdk/imt_sdk_win_64/imt_sdk_win_64/winavr/bin/../lib/gcc/avr/4.3.3/avr5\libgcc.a(_pack_sf.o)
 .debug_aranges
                0x00000140       0x20 e:/study/embedded systems avr/tools/imt tools/imt tools/sdk/imt_sdk_win_64/imt_sdk_win_64/winavr/bin/../lib/gcc/avr/4.3.3/avr5\libgcc.a(_unpack_sf.o)
 .debug_aranges
                0x00000160       0x20 e:/study/embedded systems avr/tools/imt tools/imt tools/sdk/imt_sdk_win_64/imt_sdk_win_64/winavr/bin/../lib/gcc/avr/4.3.3/avr5\libgcc.a(_fpcmp_parts_sf.o)

.debug_pubnames
                0x00000000      0x1d1
 *(.debug_pubnames)
 .debug_pubnames
                0x00000000       0x23 e:/study/embedded systems avr/tools/imt tools/imt tools/sdk/imt_sdk_win_64/imt_sdk_win_64/winavr/bin/../lib/gcc/avr/4.3.3/avr5\libgcc.a(_fixunssfsi.o)
 .debug_pubnames
                0x00000023       0x2c e:/study/embedded systems avr/tools/imt tools/imt tools/sdk/imt_sdk_win_64/imt_sdk_win_64/winavr/bin/../lib/gcc/avr/4.3.3/avr5\libgcc.a(_addsub_sf.o)
 .debug_pubnames
                0x0000004f       0x1f e:/study/embedded systems avr/tools/imt tools/imt tools/sdk/imt_sdk_win_64/imt_sdk_win_64/winavr/bin/../lib/gcc/avr/4.3.3/avr5\libgcc.a(_mul_sf.o)
 .debug_pubnames
                0x0000006e       0x1e e:/study/embedded systems avr/tools/imt tools/imt tools/sdk/imt_sdk_win_64/imt_sdk_win_64/winavr/bin/../lib/gcc/avr/4.3.3/avr5\libgcc.a(_gt_sf.o)
 .debug_pubnames
                0x0000008c       0x1e e:/study/embedded systems avr/tools/imt tools/imt tools/sdk/imt_sdk_win_64/imt_sdk_win_64/winavr/bin/../lib/gcc/avr/4.3.3/avr5\libgcc.a(_ge_sf.o)
 .debug_pubnames
                0x000000aa       0x1e e:/study/embedded systems avr/tools/imt tools/imt tools/sdk/imt_sdk_win_64/imt_sdk_win_64/winavr/bin/../lib/gcc/avr/4.3.3/avr5\libgcc.a(_lt_sf.o)
 .debug_pubnames
                0x000000c8       0x22 e:/study/embedded systems avr/tools/imt tools/imt tools/sdk/imt_sdk_win_64/imt_sdk_win_64/winavr/bin/../lib/gcc/avr/4.3.3/avr5\libgcc.a(_si_to_sf.o)
 .debug_pubnames
                0x000000ea       0x20 e:/study/embedded systems avr/tools/imt tools/imt tools/sdk/imt_sdk_win_64/imt_sdk_win_64/winavr/bin/../lib/gcc/avr/4.3.3/avr5\libgcc.a(_sf_to_si.o)
 .debug_pubnames
                0x0000010a       0x22 e:/study/embedded systems avr/tools/imt tools/imt tools/sdk/imt_sdk_win_64/imt_sdk_win_64/winavr/bin/../lib/gcc/avr/4.3.3/avr5\libgcc.a(_thenan_sf.o)
 .debug_pubnames
                0x0000012c       0x1f e:/study/embedded systems avr/tools/imt tools/imt tools/sdk/imt_sdk_win_64/imt_sdk_win_64/winavr/bin/../lib/gcc/avr/4.3.3/avr5\libgcc.a(_clzsi2.o)
 .debug_pubnames
                0x0000014b       0x1f e:/study/embedded systems avr/tools/imt tools/imt tools/sdk/imt_sdk_win_64/imt_sdk_win_64/winavr/bin/../lib/gcc/avr/4.3.3/avr5\libgcc.a(_pack_sf.o)
 .debug_pubnames
                0x0000016a       0x21 e:/study/embedded systems avr/tools/imt tools/imt tools/sdk/imt_sdk_win_64/imt_sdk_win_64/winavr/bin/../lib/gcc/avr/4.3.3/avr5\libgcc.a(_unpack_sf.o)
 .debug_pubnames
                0x0000018b       0x26 e:/study/embedded systems avr/tools/imt tools/imt tools/sdk/imt_sdk_win_64/imt_sdk_win_64/winavr/bin/../lib/gcc/avr/4.3.3/avr5\libgcc.a(_fpcmp_parts_sf.o)
 .debug_pubnames
                0x000001b1       0x20 e:/study/embedded systems avr/tools/imt tools/imt tools/sdk/imt_sdk_win_64/imt_sdk_win_64/winavr/bin/../lib/gcc/avr/4.3.3/avr5\libgcc.a(_clz.o)

.debug_info     0x00000000     0x2010
 *(.debug_info)
 .debug_info    0x00000000       0xb1 e:/study/embedded systems avr/tools/imt tools/imt tools/sdk/imt_sdk_win_64/imt_sdk_win_64/winavr/bin/../lib/gcc/avr/4.3.3/avr5\libgcc.a(_fixunssfsi.o)
 .debug_info    0x000000b1      0x47a e:/study/embedded systems avr/tools/imt tools/imt tools/sdk/imt_sdk_win_64/imt_sdk_win_64/winavr/bin/../lib/gcc/avr/4.3.3/avr5\libgcc.a(_addsub_sf.o)
 .debug_info    0x0000052b      0x485 e:/study/embedded systems avr/tools/imt tools/imt tools/sdk/imt_sdk_win_64/imt_sdk_win_64/winavr/bin/../lib/gcc/avr/4.3.3/avr5\libgcc.a(_mul_sf.o)
 .debug_info    0x000009b0      0x27f e:/study/embedded systems avr/tools/imt tools/imt tools/sdk/imt_sdk_win_64/imt_sdk_win_64/winavr/bin/../lib/gcc/avr/4.3.3/avr5\libgcc.a(_gt_sf.o)
 .debug_info    0x00000c2f      0x27f e:/study/embedded systems avr/tools/imt tools/imt tools/sdk/imt_sdk_win_64/imt_sdk_win_64/winavr/bin/../lib/gcc/avr/4.3.3/avr5\libgcc.a(_ge_sf.o)
 .debug_info    0x00000eae      0x27f e:/study/embedded systems avr/tools/imt tools/imt tools/sdk/imt_sdk_win_64/imt_sdk_win_64/winavr/bin/../lib/gcc/avr/4.3.3/avr5\libgcc.a(_lt_sf.o)
 .debug_info    0x0000112d      0x207 e:/study/embedded systems avr/tools/imt tools/imt tools/sdk/imt_sdk_win_64/imt_sdk_win_64/winavr/bin/../lib/gcc/avr/4.3.3/avr5\libgcc.a(_si_to_sf.o)
 .debug_info    0x00001334      0x2b0 e:/study/embedded systems avr/tools/imt tools/imt tools/sdk/imt_sdk_win_64/imt_sdk_win_64/winavr/bin/../lib/gcc/avr/4.3.3/avr5\libgcc.a(_sf_to_si.o)
 .debug_info    0x000015e4      0x12c e:/study/embedded systems avr/tools/imt tools/imt tools/sdk/imt_sdk_win_64/imt_sdk_win_64/winavr/bin/../lib/gcc/avr/4.3.3/avr5\libgcc.a(_thenan_sf.o)
 .debug_info    0x00001710      0x117 e:/study/embedded systems avr/tools/imt tools/imt tools/sdk/imt_sdk_win_64/imt_sdk_win_64/winavr/bin/../lib/gcc/avr/4.3.3/avr5\libgcc.a(_clzsi2.o)
 .debug_info    0x00001827      0x2df e:/study/embedded systems avr/tools/imt tools/imt tools/sdk/imt_sdk_win_64/imt_sdk_win_64/winavr/bin/../lib/gcc/avr/4.3.3/avr5\libgcc.a(_pack_sf.o)
 .debug_info    0x00001b06      0x251 e:/study/embedded systems avr/tools/imt tools/imt tools/sdk/imt_sdk_win_64/imt_sdk_win_64/winavr/bin/../lib/gcc/avr/4.3.3/avr5\libgcc.a(_unpack_sf.o)
 .debug_info    0x00001d57      0x210 e:/study/embedded systems avr/tools/imt tools/imt tools/sdk/imt_sdk_win_64/imt_sdk_win_64/winavr/bin/../lib/gcc/avr/4.3.3/avr5\libgcc.a(_fpcmp_parts_sf.o)
 .debug_info    0x00001f67       0xa9 e:/study/embedded systems avr/tools/imt tools/imt tools/sdk/imt_sdk_win_64/imt_sdk_win_64/winavr/bin/../lib/gcc/avr/4.3.3/avr5\libgcc.a(_clz.o)
 *(.gnu.linkonce.wi.*)

.debug_abbrev   0x00000000     0x1161
 *(.debug_abbrev)
 .debug_abbrev  0x00000000       0x5d e:/study/embedded systems avr/tools/imt tools/imt tools/sdk/imt_sdk_win_64/imt_sdk_win_64/winavr/bin/../lib/gcc/avr/4.3.3/avr5\libgcc.a(_fixunssfsi.o)
 .debug_abbrev  0x0000005d      0x1ea e:/study/embedded systems avr/tools/imt tools/imt tools/sdk/imt_sdk_win_64/imt_sdk_win_64/winavr/bin/../lib/gcc/avr/4.3.3/avr5\libgcc.a(_addsub_sf.o)
 .debug_abbrev  0x00000247      0x21b e:/study/embedded systems avr/tools/imt tools/imt tools/sdk/imt_sdk_win_64/imt_sdk_win_64/winavr/bin/../lib/gcc/avr/4.3.3/avr5\libgcc.a(_mul_sf.o)
 .debug_abbrev  0x00000462      0x15a e:/study/embedded systems avr/tools/imt tools/imt tools/sdk/imt_sdk_win_64/imt_sdk_win_64/winavr/bin/../lib/gcc/avr/4.3.3/avr5\libgcc.a(_gt_sf.o)
 .debug_abbrev  0x000005bc      0x15a e:/study/embedded systems avr/tools/imt tools/imt tools/sdk/imt_sdk_win_64/imt_sdk_win_64/winavr/bin/../lib/gcc/avr/4.3.3/avr5\libgcc.a(_ge_sf.o)
 .debug_abbrev  0x00000716      0x15a e:/study/embedded systems avr/tools/imt tools/imt tools/sdk/imt_sdk_win_64/imt_sdk_win_64/winavr/bin/../lib/gcc/avr/4.3.3/avr5\libgcc.a(_lt_sf.o)
 .debug_abbrev  0x00000870      0x148 e:/study/embedded systems avr/tools/imt tools/imt tools/sdk/imt_sdk_win_64/imt_sdk_win_64/winavr/bin/../lib/gcc/avr/4.3.3/avr5\libgcc.a(_si_to_sf.o)
 .debug_abbrev  0x000009b8      0x17f e:/study/embedded systems avr/tools/imt tools/imt tools/sdk/imt_sdk_win_64/imt_sdk_win_64/winavr/bin/../lib/gcc/avr/4.3.3/avr5\libgcc.a(_sf_to_si.o)
 .debug_abbrev  0x00000b37       0xad e:/study/embedded systems avr/tools/imt tools/imt tools/sdk/imt_sdk_win_64/imt_sdk_win_64/winavr/bin/../lib/gcc/avr/4.3.3/avr5\libgcc.a(_thenan_sf.o)
 .debug_abbrev  0x00000be4       0xc4 e:/study/embedded systems avr/tools/imt tools/imt tools/sdk/imt_sdk_win_64/imt_sdk_win_64/winavr/bin/../lib/gcc/avr/4.3.3/avr5\libgcc.a(_clzsi2.o)
 .debug_abbrev  0x00000ca8      0x1c0 e:/study/embedded systems avr/tools/imt tools/imt tools/sdk/imt_sdk_win_64/imt_sdk_win_64/winavr/bin/../lib/gcc/avr/4.3.3/avr5\libgcc.a(_pack_sf.o)
 .debug_abbrev  0x00000e68      0x154 e:/study/embedded systems avr/tools/imt tools/imt tools/sdk/imt_sdk_win_64/imt_sdk_win_64/winavr/bin/../lib/gcc/avr/4.3.3/avr5\libgcc.a(_unpack_sf.o)
 .debug_abbrev  0x00000fbc      0x13b e:/study/embedded systems avr/tools/imt tools/imt tools/sdk/imt_sdk_win_64/imt_sdk_win_64/winavr/bin/../lib/gcc/avr/4.3.3/avr5\libgcc.a(_fpcmp_parts_sf.o)
 .debug_abbrev  0x000010f7       0x6a e:/study/embedded systems avr/tools/imt tools/imt tools/sdk/imt_sdk_win_64/imt_sdk_win_64/winavr/bin/../lib/gcc/avr/4.3.3/avr5\libgcc.a(_clz.o)

.debug_line     0x00000000     0x1003
 *(.debug_line)
 .debug_line    0x00000000       0xa7 e:/study/embedded systems avr/tools/imt tools/imt tools/sdk/imt_sdk_win_64/imt_sdk_win_64/winavr/bin/../lib/gcc/avr/4.3.3/avr5\libgcc.a(_fixunssfsi.o)
 .debug_line    0x000000a7      0x2af e:/study/embedded systems avr/tools/imt tools/imt tools/sdk/imt_sdk_win_64/imt_sdk_win_64/winavr/bin/../lib/gcc/avr/4.3.3/avr5\libgcc.a(_addsub_sf.o)
 .debug_line    0x00000356      0x239 e:/study/embedded systems avr/tools/imt tools/imt tools/sdk/imt_sdk_win_64/imt_sdk_win_64/winavr/bin/../lib/gcc/avr/4.3.3/avr5\libgcc.a(_mul_sf.o)
 .debug_line    0x0000058f       0xd3 e:/study/embedded systems avr/tools/imt tools/imt tools/sdk/imt_sdk_win_64/imt_sdk_win_64/winavr/bin/../lib/gcc/avr/4.3.3/avr5\libgcc.a(_gt_sf.o)
 .debug_line    0x00000662       0xd3 e:/study/embedded systems avr/tools/imt tools/imt tools/sdk/imt_sdk_win_64/imt_sdk_win_64/winavr/bin/../lib/gcc/avr/4.3.3/avr5\libgcc.a(_ge_sf.o)
 .debug_line    0x00000735       0xd3 e:/study/embedded systems avr/tools/imt tools/imt tools/sdk/imt_sdk_win_64/imt_sdk_win_64/winavr/bin/../lib/gcc/avr/4.3.3/avr5\libgcc.a(_lt_sf.o)
 .debug_line    0x00000808      0x135 e:/study/embedded systems avr/tools/imt tools/imt tools/sdk/imt_sdk_win_64/imt_sdk_win_64/winavr/bin/../lib/gcc/avr/4.3.3/avr5\libgcc.a(_si_to_sf.o)
 .debug_line    0x0000093d      0x109 e:/study/embedded systems avr/tools/imt tools/imt tools/sdk/imt_sdk_win_64/imt_sdk_win_64/winavr/bin/../lib/gcc/avr/4.3.3/avr5\libgcc.a(_sf_to_si.o)
 .debug_line    0x00000a46       0x90 e:/study/embedded systems avr/tools/imt tools/imt tools/sdk/imt_sdk_win_64/imt_sdk_win_64/winavr/bin/../lib/gcc/avr/4.3.3/avr5\libgcc.a(_thenan_sf.o)
 .debug_line    0x00000ad6       0xa5 e:/study/embedded systems avr/tools/imt tools/imt tools/sdk/imt_sdk_win_64/imt_sdk_win_64/winavr/bin/../lib/gcc/avr/4.3.3/avr5\libgcc.a(_clzsi2.o)
 .debug_line    0x00000b7b      0x18a e:/study/embedded systems avr/tools/imt tools/imt tools/sdk/imt_sdk_win_64/imt_sdk_win_64/winavr/bin/../lib/gcc/avr/4.3.3/avr5\libgcc.a(_pack_sf.o)
 .debug_line    0x00000d05      0x14b e:/study/embedded systems avr/tools/imt tools/imt tools/sdk/imt_sdk_win_64/imt_sdk_win_64/winavr/bin/../lib/gcc/avr/4.3.3/avr5\libgcc.a(_unpack_sf.o)
 .debug_line    0x00000e50      0x137 e:/study/embedded systems avr/tools/imt tools/imt tools/sdk/imt_sdk_win_64/imt_sdk_win_64/winavr/bin/../lib/gcc/avr/4.3.3/avr5\libgcc.a(_fpcmp_parts_sf.o)
 .debug_line    0x00000f87       0x7c e:/study/embedded systems avr/tools/imt tools/imt tools/sdk/imt_sdk_win_64/imt_sdk_win_64/winavr/bin/../lib/gcc/avr/4.3.3/avr5\libgcc.a(_clz.o)

.debug_frame    0x00000000      0x1a0
 *(.debug_frame)
 .debug_frame   0x00000000       0x20 e:/study/embedded systems avr/tools/imt tools/imt tools/sdk/imt_sdk_win_64/imt_sdk_win_64/winavr/bin/../lib/gcc/avr/4.3.3/avr5\libgcc.a(_fixunssfsi.o)
 .debug_frame   0x00000020       0x40 e:/study/embedded systems avr/tools/imt tools/imt tools/sdk/imt_sdk_win_64/imt_sdk_win_64/winavr/bin/../lib/gcc/avr/4.3.3/avr5\libgcc.a(_addsub_sf.o)
 .debug_frame   0x00000060       0x20 e:/study/embedded systems avr/tools/imt tools/imt tools/sdk/imt_sdk_win_64/imt_sdk_win_64/winavr/bin/../lib/gcc/avr/4.3.3/avr5\libgcc.a(_mul_sf.o)
 .debug_frame   0x00000080       0x20 e:/study/embedded systems avr/tools/imt tools/imt tools/sdk/imt_sdk_win_64/imt_sdk_win_64/winavr/bin/../lib/gcc/avr/4.3.3/avr5\libgcc.a(_gt_sf.o)
 .debug_frame   0x000000a0       0x20 e:/study/embedded systems avr/tools/imt tools/imt tools/sdk/imt_sdk_win_64/imt_sdk_win_64/winavr/bin/../lib/gcc/avr/4.3.3/avr5\libgcc.a(_ge_sf.o)
 .debug_frame   0x000000c0       0x20 e:/study/embedded systems avr/tools/imt tools/imt tools/sdk/imt_sdk_win_64/imt_sdk_win_64/winavr/bin/../lib/gcc/avr/4.3.3/avr5\libgcc.a(_lt_sf.o)
 .debug_frame   0x000000e0       0x20 e:/study/embedded systems avr/tools/imt tools/imt tools/sdk/imt_sdk_win_64/imt_sdk_win_64/winavr/bin/../lib/gcc/avr/4.3.3/avr5\libgcc.a(_si_to_sf.o)
 .debug_frame   0x00000100       0x20 e:/study/embedded systems avr/tools/imt tools/imt tools/sdk/imt_sdk_win_64/imt_sdk_win_64/winavr/bin/../lib/gcc/avr/4.3.3/avr5\libgcc.a(_sf_to_si.o)
 .debug_frame   0x00000120       0x20 e:/study/embedded systems avr/tools/imt tools/imt tools/sdk/imt_sdk_win_64/imt_sdk_win_64/winavr/bin/../lib/gcc/avr/4.3.3/avr5\libgcc.a(_clzsi2.o)
 .debug_frame   0x00000140       0x20 e:/study/embedded systems avr/tools/imt tools/imt tools/sdk/imt_sdk_win_64/imt_sdk_win_64/winavr/bin/../lib/gcc/avr/4.3.3/avr5\libgcc.a(_pack_sf.o)
 .debug_frame   0x00000160       0x20 e:/study/embedded systems avr/tools/imt tools/imt tools/sdk/imt_sdk_win_64/imt_sdk_win_64/winavr/bin/../lib/gcc/avr/4.3.3/avr5\libgcc.a(_unpack_sf.o)
 .debug_frame   0x00000180       0x20 e:/study/embedded systems avr/tools/imt tools/imt tools/sdk/imt_sdk_win_64/imt_sdk_win_64/winavr/bin/../lib/gcc/avr/4.3.3/avr5\libgcc.a(_fpcmp_parts_sf.o)

.debug_str      0x00000000      0x2be
 *(.debug_str)
 .debug_str     0x00000000       0xbf e:/study/embedded systems avr/tools/imt tools/imt tools/sdk/imt_sdk_win_64/imt_sdk_win_64/winavr/bin/../lib/gcc/avr/4.3.3/avr5\libgcc.a(_fixunssfsi.o)
                                 0xfe (size before relaxing)
 .debug_str     0x000000bf      0x14d e:/study/embedded systems avr/tools/imt tools/imt tools/sdk/imt_sdk_win_64/imt_sdk_win_64/winavr/bin/../lib/gcc/avr/4.3.3/avr5\libgcc.a(_addsub_sf.o)
                                0x206 (size before relaxing)
 .debug_str     0x0000020c       0x27 e:/study/embedded systems avr/tools/imt tools/imt tools/sdk/imt_sdk_win_64/imt_sdk_win_64/winavr/bin/../lib/gcc/avr/4.3.3/avr5\libgcc.a(_mul_sf.o)
                                0x1bf (size before relaxing)
 .debug_str     0x00000233        0x8 e:/study/embedded systems avr/tools/imt tools/imt tools/sdk/imt_sdk_win_64/imt_sdk_win_64/winavr/bin/../lib/gcc/avr/4.3.3/avr5\libgcc.a(_gt_sf.o)
                                0x195 (size before relaxing)
 .debug_str     0x0000023b        0x8 e:/study/embedded systems avr/tools/imt tools/imt tools/sdk/imt_sdk_win_64/imt_sdk_win_64/winavr/bin/../lib/gcc/avr/4.3.3/avr5\libgcc.a(_ge_sf.o)
                                0x195 (size before relaxing)
 .debug_str     0x00000243        0x8 e:/study/embedded systems avr/tools/imt tools/imt tools/sdk/imt_sdk_win_64/imt_sdk_win_64/winavr/bin/../lib/gcc/avr/4.3.3/avr5\libgcc.a(_lt_sf.o)
                                0x195 (size before relaxing)
 .debug_str     0x0000024b       0x1e e:/study/embedded systems avr/tools/imt tools/imt tools/sdk/imt_sdk_win_64/imt_sdk_win_64/winavr/bin/../lib/gcc/avr/4.3.3/avr5\libgcc.a(_si_to_sf.o)
                                0x17b (size before relaxing)
 .debug_str     0x00000269        0xa e:/study/embedded systems avr/tools/imt tools/imt tools/sdk/imt_sdk_win_64/imt_sdk_win_64/winavr/bin/../lib/gcc/avr/4.3.3/avr5\libgcc.a(_sf_to_si.o)
                                0x19e (size before relaxing)
 .debug_str     0x00000000      0x103 e:/study/embedded systems avr/tools/imt tools/imt tools/sdk/imt_sdk_win_64/imt_sdk_win_64/winavr/bin/../lib/gcc/avr/4.3.3/avr5\libgcc.a(_thenan_sf.o)
 .debug_str     0x00000273       0x20 e:/study/embedded systems avr/tools/imt tools/imt tools/sdk/imt_sdk_win_64/imt_sdk_win_64/winavr/bin/../lib/gcc/avr/4.3.3/avr5\libgcc.a(_clzsi2.o)
                                0x111 (size before relaxing)
 .debug_str     0x00000293       0x10 e:/study/embedded systems avr/tools/imt tools/imt tools/sdk/imt_sdk_win_64/imt_sdk_win_64/winavr/bin/../lib/gcc/avr/4.3.3/avr5\libgcc.a(_pack_sf.o)
                                0x19d (size before relaxing)
 .debug_str     0x000002a3        0xb e:/study/embedded systems avr/tools/imt tools/imt tools/sdk/imt_sdk_win_64/imt_sdk_win_64/winavr/bin/../lib/gcc/avr/4.3.3/avr5\libgcc.a(_unpack_sf.o)
                                0x17f (size before relaxing)
 .debug_str     0x000002ae       0x10 e:/study/embedded systems avr/tools/imt tools/imt tools/sdk/imt_sdk_win_64/imt_sdk_win_64/winavr/bin/../lib/gcc/avr/4.3.3/avr5\libgcc.a(_fpcmp_parts_sf.o)
                                0x163 (size before relaxing)
 .debug_str     0x00000000       0xf4 e:/study/embedded systems avr/tools/imt tools/imt tools/sdk/imt_sdk_win_64/imt_sdk_win_64/winavr/bin/../lib/gcc/avr/4.3.3/avr5\libgcc.a(_clz.o)

.debug_loc      0x00000000      0x90e
 *(.debug_loc)
 .debug_loc     0x00000000       0x34 e:/study/embedded systems avr/tools/imt tools/imt tools/sdk/imt_sdk_win_64/imt_sdk_win_64/winavr/bin/../lib/gcc/avr/4.3.3/avr5\libgcc.a(_fixunssfsi.o)
 .debug_loc     0x00000034      0x32a e:/study/embedded systems avr/tools/imt tools/imt tools/sdk/imt_sdk_win_64/imt_sdk_win_64/winavr/bin/../lib/gcc/avr/4.3.3/avr5\libgcc.a(_addsub_sf.o)
 .debug_loc     0x0000035e      0x104 e:/study/embedded systems avr/tools/imt tools/imt tools/sdk/imt_sdk_win_64/imt_sdk_win_64/winavr/bin/../lib/gcc/avr/4.3.3/avr5\libgcc.a(_mul_sf.o)
 .debug_loc     0x00000462       0x3c e:/study/embedded systems avr/tools/imt tools/imt tools/sdk/imt_sdk_win_64/imt_sdk_win_64/winavr/bin/../lib/gcc/avr/4.3.3/avr5\libgcc.a(_gt_sf.o)
 .debug_loc     0x0000049e       0x3c e:/study/embedded systems avr/tools/imt tools/imt tools/sdk/imt_sdk_win_64/imt_sdk_win_64/winavr/bin/../lib/gcc/avr/4.3.3/avr5\libgcc.a(_ge_sf.o)
 .debug_loc     0x000004da       0x3c e:/study/embedded systems avr/tools/imt tools/imt tools/sdk/imt_sdk_win_64/imt_sdk_win_64/winavr/bin/../lib/gcc/avr/4.3.3/avr5\libgcc.a(_lt_sf.o)
 .debug_loc     0x00000516       0xac e:/study/embedded systems avr/tools/imt tools/imt tools/sdk/imt_sdk_win_64/imt_sdk_win_64/winavr/bin/../lib/gcc/avr/4.3.3/avr5\libgcc.a(_si_to_sf.o)
 .debug_loc     0x000005c2       0x7e e:/study/embedded systems avr/tools/imt tools/imt tools/sdk/imt_sdk_win_64/imt_sdk_win_64/winavr/bin/../lib/gcc/avr/4.3.3/avr5\libgcc.a(_sf_to_si.o)
 .debug_loc     0x00000640       0x94 e:/study/embedded systems avr/tools/imt tools/imt tools/sdk/imt_sdk_win_64/imt_sdk_win_64/winavr/bin/../lib/gcc/avr/4.3.3/avr5\libgcc.a(_clzsi2.o)
 .debug_loc     0x000006d4      0x13e e:/study/embedded systems avr/tools/imt tools/imt tools/sdk/imt_sdk_win_64/imt_sdk_win_64/winavr/bin/../lib/gcc/avr/4.3.3/avr5\libgcc.a(_pack_sf.o)
 .debug_loc     0x00000812       0xac e:/study/embedded systems avr/tools/imt tools/imt tools/sdk/imt_sdk_win_64/imt_sdk_win_64/winavr/bin/../lib/gcc/avr/4.3.3/avr5\libgcc.a(_unpack_sf.o)
 .debug_loc     0x000008be       0x50 e:/study/embedded systems avr/tools/imt tools/imt tools/sdk/imt_sdk_win_64/imt_sdk_win_64/winavr/bin/../lib/gcc/avr/4.3.3/avr5\libgcc.a(_fpcmp_parts_sf.o)

.debug_macinfo
 *(.debug_macinfo)
OUTPUT(EEPROM.elf elf32-avr)
LOAD linker stubs

.debug_ranges   0x00000000       0x50
 .debug_ranges  0x00000000       0x50 e:/study/embedded systems avr/tools/imt tools/imt tools/sdk/imt_sdk_win_64/imt_sdk_win_64/winavr/bin/../lib/gcc/avr/4.3.3/avr5\libgcc.a(_mul_sf.o)
